supabaseClient.ts(4,33): error TS2339: Property 'env' does not exist on type 'ImportMeta'.
supabaseClient.ts(5,37): error TS2339: Property 'env' does not exist on type 'ImportMeta'.
