
pages/Dashboard.tsx(1471,11)
: error TS17002: Expected 
corresponding JSX closing 
tag for 'header'.
pages/Dashboard.tsx(1472,9):
 error TS17002: Expected 
corresponding JSX closing 
tag for 'main'.
pages/Dashboard.tsx(3163,7):
 error TS17002: Expected 
corresponding JSX closing 
tag for 'div'.
pages/Dashboard.tsx(3165,7):
 error TS1005: ')' expected.
pages/Dashboard.tsx(4400,7):
 error TS2657: JSX 
expressions must have one 
parent element.
pages/Dashboard.tsx(4462,5):
 error TS1128: Declaration 
or statement expected.
pages/Dashboard.tsx(4463,3):
 error TS1109: Expression 
expected.
pages/Dashboard.tsx(4464,1):
 error TS1128: Declaration 
or statement expected.


